2025-06-25T15:18:19.516+09:00  INFO 16264 --- [main] com.ols.SpringStarterMain                : Starting SpringStarterMain using Java 21.0.7 with PID 16264 (C:\Users\USER\IdeaProjects\ols\build\classes\java\main started by USER in C:\Users\USER\IdeaProjects\ols)
2025-06-25T15:18:19.520+09:00  INFO 16264 --- [main] com.ols.SpringStarterMain                : No active profile set, falling back to 1 default profile: "default"
2025-06-25T15:18:20.284+09:00  INFO 16264 --- [main] .s.d.r.c.RepositoryConfigurationDelegate : Bootstrapping Spring Data JPA repositories in DEFAULT mode.
2025-06-25T15:18:20.351+09:00  INFO 16264 --- [main] .s.d.r.c.RepositoryConfigurationDelegate : Finished Spring Data repository scanning in 59 ms. Found 6 JPA repository interfaces.
2025-06-25T15:18:20.866+09:00  INFO 16264 --- [main] o.s.b.w.embedded.tomcat.TomcatWebServer  : Tomcat initialized with port 8080 (http)
2025-06-25T15:18:20.879+09:00  INFO 16264 --- [main] o.apache.catalina.core.StandardService   : Starting service [Tomcat]
2025-06-25T15:18:20.879+09:00  INFO 16264 --- [main] o.apache.catalina.core.StandardEngine    : Starting Servlet engine: [Apache Tomcat/10.1.40]
2025-06-25T15:18:20.941+09:00  INFO 16264 --- [main] o.a.c.c.C.[Tomcat].[localhost].[/]       : Initializing Spring embedded WebApplicationContext
2025-06-25T15:18:20.942+09:00  INFO 16264 --- [main] w.s.c.ServletWebServerApplicationContext : Root WebApplicationContext: initialization completed in 1384 ms
2025-06-25T15:18:21.133+09:00  INFO 16264 --- [main] o.hibernate.jpa.internal.util.LogHelper  : HHH000204: Processing PersistenceUnitInfo [name: default]
2025-06-25T15:18:21.239+09:00  INFO 16264 --- [main] org.hibernate.Version                    : HHH000412: Hibernate ORM core version 6.6.13.Final
2025-06-25T15:18:21.288+09:00  INFO 16264 --- [main] o.h.c.internal.RegionFactoryInitiator    : HHH000026: Second-level cache disabled
2025-06-25T15:18:21.626+09:00  INFO 16264 --- [main] o.s.o.j.p.SpringPersistenceUnitInfo      : No LoadTimeWeaver setup: ignoring JPA class transformer
2025-06-25T15:18:21.674+09:00  INFO 16264 --- [main] com.zaxxer.hikari.HikariDataSource       : HikariPool-1 - Starting...
2025-06-25T15:18:21.842+09:00  INFO 16264 --- [main] com.zaxxer.hikari.pool.HikariPool        : HikariPool-1 - Added connection org.postgresql.jdbc.PgConnection@33f349ae
2025-06-25T15:18:21.844+09:00  INFO 16264 --- [main] com.zaxxer.hikari.HikariDataSource       : HikariPool-1 - Start completed.
2025-06-25T15:18:21.932+09:00  INFO 16264 --- [main] org.hibernate.orm.connections.pooling    : HHH10001005: Database info:
	Database JDBC URL [Connecting through datasource 'HikariDataSource (HikariPool-1)']
	Database driver: undefined/unknown
	Database version: 15.13
	Autocommit mode: undefined/unknown
	Isolation level: undefined/unknown
	Minimum pool size: undefined/unknown
	Maximum pool size: undefined/unknown
2025-06-25T15:18:22.975+09:00  INFO 16264 --- [main] o.h.e.t.j.p.i.JtaPlatformInitiator       : HHH000489: No JTA platform available (set 'hibernate.transaction.jta.platform' to enable JTA platform integration)
2025-06-25T15:18:23.466+09:00  INFO 16264 --- [main] j.LocalContainerEntityManagerFactoryBean : Initialized JPA EntityManagerFactory for persistence unit 'default'
2025-06-25T15:18:23.836+09:00  WARN 16264 --- [main] JpaBaseConfiguration$JpaWebConfiguration : spring.jpa.open-in-view is enabled by default. Therefore, database queries may be performed during view rendering. Explicitly configure spring.jpa.open-in-view to disable this warning
2025-06-25T15:18:23.865+09:00  INFO 16264 --- [main] r$InitializeUserDetailsManagerConfigurer : Global AuthenticationManager configured with UserDetailsService bean with name userDetailService
2025-06-25T15:18:24.161+09:00  WARN 16264 --- [main] o.s.s.c.a.web.builders.WebSecurity       : You are asking Spring Security to ignore Deferred [Mvc [pattern='/**', OPTIONS], Ant [pattern='/**', OPTIONS]]. This is not recommended -- please use permitAll via HttpSecurity#authorizeHttpRequests instead.
2025-06-25T15:18:24.162+09:00  WARN 16264 --- [main] o.s.s.c.a.web.builders.WebSecurity       : You are asking Spring Security to ignore Deferred [Mvc [pattern='/static/**'], Ant [pattern='/static/**']]. This is not recommended -- please use permitAll via HttpSecurity#authorizeHttpRequests instead.
2025-06-25T15:18:24.381+09:00  INFO 16264 --- [main] o.s.b.w.embedded.tomcat.TomcatWebServer  : Tomcat started on port 8080 (http) with context path '/'
2025-06-25T15:18:24.387+09:00  INFO 16264 --- [main] com.ols.SpringStarterMain                : Started SpringStarterMain in 5.289 seconds (process running for 5.852)
2025-06-25T15:18:36.790+09:00  INFO 16264 --- [http-nio-8080-exec-1] o.a.c.c.C.[Tomcat].[localhost].[/]       : Initializing Spring DispatcherServlet 'dispatcherServlet'
2025-06-25T15:18:36.790+09:00  INFO 16264 --- [http-nio-8080-exec-1] o.s.web.servlet.DispatcherServlet        : Initializing Servlet 'dispatcherServlet'
2025-06-25T15:18:36.791+09:00  INFO 16264 --- [http-nio-8080-exec-1] o.s.web.servlet.DispatcherServlet        : Completed initialization in 1 ms
2025-06-25T16:02:07.620+09:00  INFO 16264 --- [SpringApplicationShutdownHook] o.s.b.w.e.tomcat.GracefulShutdown        : Commencing graceful shutdown. Waiting for active requests to complete
2025-06-25T16:02:07.629+09:00  INFO 16264 --- [tomcat-shutdown] o.s.b.w.e.tomcat.GracefulShutdown        : Graceful shutdown complete
2025-06-25T16:02:07.635+09:00  INFO 16264 --- [SpringApplicationShutdownHook] j.LocalContainerEntityManagerFactoryBean : Closing JPA EntityManagerFactory for persistence unit 'default'
2025-06-25T16:02:07.639+09:00  INFO 16264 --- [SpringApplicationShutdownHook] com.zaxxer.hikari.HikariDataSource       : HikariPool-1 - Shutdown initiated...
2025-06-25T16:02:07.644+09:00  INFO 16264 --- [SpringApplicationShutdownHook] com.zaxxer.hikari.HikariDataSource       : HikariPool-1 - Shutdown completed.
2025-06-25T16:02:10.071+09:00  INFO 26068 --- [main] com.ols.SpringStarterMain                : Starting SpringStarterMain using Java 21.0.7 with PID 26068 (C:\Users\USER\IdeaProjects\ols\build\classes\java\main started by USER in C:\Users\USER\IdeaProjects\ols)
2025-06-25T16:02:10.073+09:00  INFO 26068 --- [main] com.ols.SpringStarterMain                : No active profile set, falling back to 1 default profile: "default"
2025-06-25T16:02:10.735+09:00  INFO 26068 --- [main] .s.d.r.c.RepositoryConfigurationDelegate : Bootstrapping Spring Data JPA repositories in DEFAULT mode.
2025-06-25T16:02:10.810+09:00  INFO 26068 --- [main] .s.d.r.c.RepositoryConfigurationDelegate : Finished Spring Data repository scanning in 67 ms. Found 6 JPA repository interfaces.
2025-06-25T16:02:11.350+09:00  INFO 26068 --- [main] o.s.b.w.embedded.tomcat.TomcatWebServer  : Tomcat initialized with port 8080 (http)
2025-06-25T16:02:11.366+09:00  INFO 26068 --- [main] o.apache.catalina.core.StandardService   : Starting service [Tomcat]
2025-06-25T16:02:11.366+09:00  INFO 26068 --- [main] o.apache.catalina.core.StandardEngine    : Starting Servlet engine: [Apache Tomcat/10.1.40]
2025-06-25T16:02:11.442+09:00  INFO 26068 --- [main] o.a.c.c.C.[Tomcat].[localhost].[/]       : Initializing Spring embedded WebApplicationContext
2025-06-25T16:02:11.443+09:00  INFO 26068 --- [main] w.s.c.ServletWebServerApplicationContext : Root WebApplicationContext: initialization completed in 1323 ms
2025-06-25T16:02:11.654+09:00  INFO 26068 --- [main] o.hibernate.jpa.internal.util.LogHelper  : HHH000204: Processing PersistenceUnitInfo [name: default]
2025-06-25T16:02:11.775+09:00  INFO 26068 --- [main] org.hibernate.Version                    : HHH000412: Hibernate ORM core version 6.6.13.Final
2025-06-25T16:02:11.831+09:00  INFO 26068 --- [main] o.h.c.internal.RegionFactoryInitiator    : HHH000026: Second-level cache disabled
2025-06-25T16:02:12.161+09:00  INFO 26068 --- [main] o.s.o.j.p.SpringPersistenceUnitInfo      : No LoadTimeWeaver setup: ignoring JPA class transformer
2025-06-25T16:02:12.210+09:00  INFO 26068 --- [main] com.zaxxer.hikari.HikariDataSource       : HikariPool-1 - Starting...
2025-06-25T16:02:12.367+09:00  INFO 26068 --- [main] com.zaxxer.hikari.pool.HikariPool        : HikariPool-1 - Added connection org.postgresql.jdbc.PgConnection@33f349ae
2025-06-25T16:02:12.369+09:00  INFO 26068 --- [main] com.zaxxer.hikari.HikariDataSource       : HikariPool-1 - Start completed.
2025-06-25T16:02:12.482+09:00  INFO 26068 --- [main] org.hibernate.orm.connections.pooling    : HHH10001005: Database info:
	Database JDBC URL [Connecting through datasource 'HikariDataSource (HikariPool-1)']
	Database driver: undefined/unknown
	Database version: 15.13
	Autocommit mode: undefined/unknown
	Isolation level: undefined/unknown
	Minimum pool size: undefined/unknown
	Maximum pool size: undefined/unknown
2025-06-25T16:02:13.786+09:00  INFO 26068 --- [main] o.h.e.t.j.p.i.JtaPlatformInitiator       : HHH000489: No JTA platform available (set 'hibernate.transaction.jta.platform' to enable JTA platform integration)
2025-06-25T16:02:14.349+09:00  INFO 26068 --- [main] j.LocalContainerEntityManagerFactoryBean : Initialized JPA EntityManagerFactory for persistence unit 'default'
2025-06-25T16:02:14.716+09:00  WARN 26068 --- [main] JpaBaseConfiguration$JpaWebConfiguration : spring.jpa.open-in-view is enabled by default. Therefore, database queries may be performed during view rendering. Explicitly configure spring.jpa.open-in-view to disable this warning
2025-06-25T16:02:14.747+09:00  INFO 26068 --- [main] r$InitializeUserDetailsManagerConfigurer : Global AuthenticationManager configured with UserDetailsService bean with name userDetailService
2025-06-25T16:02:15.031+09:00  WARN 26068 --- [main] o.s.s.c.a.web.builders.WebSecurity       : You are asking Spring Security to ignore Deferred [Mvc [pattern='/**', OPTIONS], Ant [pattern='/**', OPTIONS]]. This is not recommended -- please use permitAll via HttpSecurity#authorizeHttpRequests instead.
2025-06-25T16:02:15.031+09:00  WARN 26068 --- [main] o.s.s.c.a.web.builders.WebSecurity       : You are asking Spring Security to ignore Deferred [Mvc [pattern='/static/**'], Ant [pattern='/static/**']]. This is not recommended -- please use permitAll via HttpSecurity#authorizeHttpRequests instead.
2025-06-25T16:02:15.260+09:00  INFO 26068 --- [main] o.s.b.w.embedded.tomcat.TomcatWebServer  : Tomcat started on port 8080 (http) with context path '/'
2025-06-25T16:02:15.267+09:00  INFO 26068 --- [main] com.ols.SpringStarterMain                : Started SpringStarterMain in 5.746 seconds (process running for 6.554)
2025-06-25T16:02:23.850+09:00  INFO 26068 --- [http-nio-8080-exec-1] o.a.c.c.C.[Tomcat].[localhost].[/]       : Initializing Spring DispatcherServlet 'dispatcherServlet'
2025-06-25T16:02:23.851+09:00  INFO 26068 --- [http-nio-8080-exec-1] o.s.web.servlet.DispatcherServlet        : Initializing Servlet 'dispatcherServlet'
2025-06-25T16:02:23.852+09:00  INFO 26068 --- [http-nio-8080-exec-1] o.s.web.servlet.DispatcherServlet        : Completed initialization in 1 ms
2025-06-25T16:16:55.639+09:00  INFO 26068 --- [SpringApplicationShutdownHook] o.s.b.w.e.tomcat.GracefulShutdown        : Commencing graceful shutdown. Waiting for active requests to complete
2025-06-25T16:16:55.646+09:00  INFO 26068 --- [tomcat-shutdown] o.s.b.w.e.tomcat.GracefulShutdown        : Graceful shutdown complete
2025-06-25T16:16:55.650+09:00  INFO 26068 --- [SpringApplicationShutdownHook] j.LocalContainerEntityManagerFactoryBean : Closing JPA EntityManagerFactory for persistence unit 'default'
2025-06-25T16:16:55.652+09:00  INFO 26068 --- [SpringApplicationShutdownHook] com.zaxxer.hikari.HikariDataSource       : HikariPool-1 - Shutdown initiated...
2025-06-25T16:16:55.655+09:00  INFO 26068 --- [SpringApplicationShutdownHook] com.zaxxer.hikari.HikariDataSource       : HikariPool-1 - Shutdown completed.
2025-06-25T16:16:59.839+09:00  INFO 22280 --- [main] com.ols.SpringStarterMain                : Starting SpringStarterMain using Java 21.0.7 with PID 22280 (C:\Users\USER\IdeaProjects\ols\build\classes\java\main started by USER in C:\Users\USER\IdeaProjects\ols)
2025-06-25T16:16:59.841+09:00  INFO 22280 --- [main] com.ols.SpringStarterMain                : No active profile set, falling back to 1 default profile: "default"
2025-06-25T16:17:00.473+09:00  INFO 22280 --- [main] .s.d.r.c.RepositoryConfigurationDelegate : Bootstrapping Spring Data JPA repositories in DEFAULT mode.
2025-06-25T16:17:00.543+09:00  INFO 22280 --- [main] .s.d.r.c.RepositoryConfigurationDelegate : Finished Spring Data repository scanning in 62 ms. Found 6 JPA repository interfaces.
2025-06-25T16:17:01.008+09:00  INFO 22280 --- [main] o.s.b.w.embedded.tomcat.TomcatWebServer  : Tomcat initialized with port 8080 (http)
2025-06-25T16:17:01.022+09:00  INFO 22280 --- [main] o.apache.catalina.core.StandardService   : Starting service [Tomcat]
2025-06-25T16:17:01.023+09:00  INFO 22280 --- [main] o.apache.catalina.core.StandardEngine    : Starting Servlet engine: [Apache Tomcat/10.1.40]
2025-06-25T16:17:01.079+09:00  INFO 22280 --- [main] o.a.c.c.C.[Tomcat].[localhost].[/]       : Initializing Spring embedded WebApplicationContext
2025-06-25T16:17:01.080+09:00  INFO 22280 --- [main] w.s.c.ServletWebServerApplicationContext : Root WebApplicationContext: initialization completed in 1197 ms
2025-06-25T16:17:01.236+09:00  INFO 22280 --- [main] o.hibernate.jpa.internal.util.LogHelper  : HHH000204: Processing PersistenceUnitInfo [name: default]
2025-06-25T16:17:01.287+09:00  INFO 22280 --- [main] org.hibernate.Version                    : HHH000412: Hibernate ORM core version 6.6.13.Final
2025-06-25T16:17:01.318+09:00  INFO 22280 --- [main] o.h.c.internal.RegionFactoryInitiator    : HHH000026: Second-level cache disabled
2025-06-25T16:17:01.591+09:00  INFO 22280 --- [main] o.s.o.j.p.SpringPersistenceUnitInfo      : No LoadTimeWeaver setup: ignoring JPA class transformer
2025-06-25T16:17:01.619+09:00  INFO 22280 --- [main] com.zaxxer.hikari.HikariDataSource       : HikariPool-1 - Starting...
2025-06-25T16:17:01.742+09:00  INFO 22280 --- [main] com.zaxxer.hikari.pool.HikariPool        : HikariPool-1 - Added connection org.postgresql.jdbc.PgConnection@31e7afde
2025-06-25T16:17:01.743+09:00  INFO 22280 --- [main] com.zaxxer.hikari.HikariDataSource       : HikariPool-1 - Start completed.
2025-06-25T16:17:01.802+09:00  INFO 22280 --- [main] org.hibernate.orm.connections.pooling    : HHH10001005: Database info:
	Database JDBC URL [Connecting through datasource 'HikariDataSource (HikariPool-1)']
	Database driver: undefined/unknown
	Database version: 15.13
	Autocommit mode: undefined/unknown
	Isolation level: undefined/unknown
	Minimum pool size: undefined/unknown
	Maximum pool size: undefined/unknown
2025-06-25T16:17:02.678+09:00  INFO 22280 --- [main] o.h.e.t.j.p.i.JtaPlatformInitiator       : HHH000489: No JTA platform available (set 'hibernate.transaction.jta.platform' to enable JTA platform integration)
2025-06-25T16:17:03.211+09:00  INFO 22280 --- [main] j.LocalContainerEntityManagerFactoryBean : Initialized JPA EntityManagerFactory for persistence unit 'default'
2025-06-25T16:17:03.549+09:00  WARN 22280 --- [main] JpaBaseConfiguration$JpaWebConfiguration : spring.jpa.open-in-view is enabled by default. Therefore, database queries may be performed during view rendering. Explicitly configure spring.jpa.open-in-view to disable this warning
2025-06-25T16:17:03.575+09:00  INFO 22280 --- [main] r$InitializeUserDetailsManagerConfigurer : Global AuthenticationManager configured with UserDetailsService bean with name userDetailService
2025-06-25T16:17:03.825+09:00  WARN 22280 --- [main] o.s.s.c.a.web.builders.WebSecurity       : You are asking Spring Security to ignore Deferred [Mvc [pattern='/**', OPTIONS], Ant [pattern='/**', OPTIONS]]. This is not recommended -- please use permitAll via HttpSecurity#authorizeHttpRequests instead.
2025-06-25T16:17:03.825+09:00  WARN 22280 --- [main] o.s.s.c.a.web.builders.WebSecurity       : You are asking Spring Security to ignore Deferred [Mvc [pattern='/static/**'], Ant [pattern='/static/**']]. This is not recommended -- please use permitAll via HttpSecurity#authorizeHttpRequests instead.
2025-06-25T16:17:04.031+09:00  INFO 22280 --- [main] o.s.b.w.embedded.tomcat.TomcatWebServer  : Tomcat started on port 8080 (http) with context path '/'
2025-06-25T16:17:04.037+09:00  INFO 22280 --- [main] com.ols.SpringStarterMain                : Started SpringStarterMain in 4.683 seconds (process running for 5.201)
2025-06-25T16:39:00.361+09:00  INFO 22280 --- [SpringApplicationShutdownHook] o.s.b.w.e.tomcat.GracefulShutdown        : Commencing graceful shutdown. Waiting for active requests to complete
2025-06-25T16:39:00.370+09:00  INFO 22280 --- [tomcat-shutdown] o.s.b.w.e.tomcat.GracefulShutdown        : Graceful shutdown complete
2025-06-25T16:39:00.374+09:00  INFO 22280 --- [SpringApplicationShutdownHook] j.LocalContainerEntityManagerFactoryBean : Closing JPA EntityManagerFactory for persistence unit 'default'
2025-06-25T16:39:00.376+09:00  INFO 22280 --- [SpringApplicationShutdownHook] com.zaxxer.hikari.HikariDataSource       : HikariPool-1 - Shutdown initiated...
2025-06-25T16:39:00.379+09:00  INFO 22280 --- [SpringApplicationShutdownHook] com.zaxxer.hikari.HikariDataSource       : HikariPool-1 - Shutdown completed.
2025-06-25T16:39:04.297+09:00  INFO 27308 --- [main] com.ols.SpringStarterMain                : Starting SpringStarterMain using Java 21.0.7 with PID 27308 (C:\Users\USER\IdeaProjects\ols\build\classes\java\main started by USER in C:\Users\USER\IdeaProjects\ols)
2025-06-25T16:39:04.299+09:00  INFO 27308 --- [main] com.ols.SpringStarterMain                : No active profile set, falling back to 1 default profile: "default"
2025-06-25T16:39:04.872+09:00  INFO 27308 --- [main] .s.d.r.c.RepositoryConfigurationDelegate : Bootstrapping Spring Data JPA repositories in DEFAULT mode.
2025-06-25T16:39:04.939+09:00  INFO 27308 --- [main] .s.d.r.c.RepositoryConfigurationDelegate : Finished Spring Data repository scanning in 59 ms. Found 6 JPA repository interfaces.
2025-06-25T16:39:05.382+09:00  INFO 27308 --- [main] o.s.b.w.embedded.tomcat.TomcatWebServer  : Tomcat initialized with port 8080 (http)
2025-06-25T16:39:05.394+09:00  INFO 27308 --- [main] o.apache.catalina.core.StandardService   : Starting service [Tomcat]
2025-06-25T16:39:05.395+09:00  INFO 27308 --- [main] o.apache.catalina.core.StandardEngine    : Starting Servlet engine: [Apache Tomcat/10.1.40]
2025-06-25T16:39:05.448+09:00  INFO 27308 --- [main] o.a.c.c.C.[Tomcat].[localhost].[/]       : Initializing Spring embedded WebApplicationContext
2025-06-25T16:39:05.448+09:00  INFO 27308 --- [main] w.s.c.ServletWebServerApplicationContext : Root WebApplicationContext: initialization completed in 1113 ms
2025-06-25T16:39:05.585+09:00  INFO 27308 --- [main] o.hibernate.jpa.internal.util.LogHelper  : HHH000204: Processing PersistenceUnitInfo [name: default]
2025-06-25T16:39:05.639+09:00  INFO 27308 --- [main] org.hibernate.Version                    : HHH000412: Hibernate ORM core version 6.6.13.Final
2025-06-25T16:39:05.670+09:00  INFO 27308 --- [main] o.h.c.internal.RegionFactoryInitiator    : HHH000026: Second-level cache disabled
2025-06-25T16:39:05.934+09:00  INFO 27308 --- [main] o.s.o.j.p.SpringPersistenceUnitInfo      : No LoadTimeWeaver setup: ignoring JPA class transformer
2025-06-25T16:39:05.960+09:00  INFO 27308 --- [main] com.zaxxer.hikari.HikariDataSource       : HikariPool-1 - Starting...
2025-06-25T16:39:06.086+09:00  INFO 27308 --- [main] com.zaxxer.hikari.pool.HikariPool        : HikariPool-1 - Added connection org.postgresql.jdbc.PgConnection@77e9dca8
2025-06-25T16:39:06.088+09:00  INFO 27308 --- [main] com.zaxxer.hikari.HikariDataSource       : HikariPool-1 - Start completed.
2025-06-25T16:39:06.148+09:00  INFO 27308 --- [main] org.hibernate.orm.connections.pooling    : HHH10001005: Database info:
	Database JDBC URL [Connecting through datasource 'HikariDataSource (HikariPool-1)']
	Database driver: undefined/unknown
	Database version: 15.13
	Autocommit mode: undefined/unknown
	Isolation level: undefined/unknown
	Minimum pool size: undefined/unknown
	Maximum pool size: undefined/unknown
2025-06-25T16:39:07.005+09:00  INFO 27308 --- [main] o.h.e.t.j.p.i.JtaPlatformInitiator       : HHH000489: No JTA platform available (set 'hibernate.transaction.jta.platform' to enable JTA platform integration)
2025-06-25T16:39:07.499+09:00  INFO 27308 --- [main] j.LocalContainerEntityManagerFactoryBean : Initialized JPA EntityManagerFactory for persistence unit 'default'
2025-06-25T16:39:07.817+09:00  WARN 27308 --- [main] JpaBaseConfiguration$JpaWebConfiguration : spring.jpa.open-in-view is enabled by default. Therefore, database queries may be performed during view rendering. Explicitly configure spring.jpa.open-in-view to disable this warning
2025-06-25T16:39:07.844+09:00  INFO 27308 --- [main] r$InitializeUserDetailsManagerConfigurer : Global AuthenticationManager configured with UserDetailsService bean with name userDetailService
2025-06-25T16:39:08.096+09:00  WARN 27308 --- [main] o.s.s.c.a.web.builders.WebSecurity       : You are asking Spring Security to ignore Deferred [Mvc [pattern='/**', OPTIONS], Ant [pattern='/**', OPTIONS]]. This is not recommended -- please use permitAll via HttpSecurity#authorizeHttpRequests instead.
2025-06-25T16:39:08.097+09:00  WARN 27308 --- [main] o.s.s.c.a.web.builders.WebSecurity       : You are asking Spring Security to ignore Deferred [Mvc [pattern='/static/**'], Ant [pattern='/static/**']]. This is not recommended -- please use permitAll via HttpSecurity#authorizeHttpRequests instead.
2025-06-25T16:39:08.290+09:00  INFO 27308 --- [main] o.s.b.w.embedded.tomcat.TomcatWebServer  : Tomcat started on port 8080 (http) with context path '/'
2025-06-25T16:39:08.296+09:00  INFO 27308 --- [main] com.ols.SpringStarterMain                : Started SpringStarterMain in 4.447 seconds (process running for 4.96)
2025-06-25T16:40:09.279+09:00  INFO 27308 --- [http-nio-8080-exec-1] o.a.c.c.C.[Tomcat].[localhost].[/]       : Initializing Spring DispatcherServlet 'dispatcherServlet'
2025-06-25T16:40:09.279+09:00  INFO 27308 --- [http-nio-8080-exec-1] o.s.web.servlet.DispatcherServlet        : Initializing Servlet 'dispatcherServlet'
2025-06-25T16:40:09.281+09:00  INFO 27308 --- [http-nio-8080-exec-1] o.s.web.servlet.DispatcherServlet        : Completed initialization in 1 ms
2025-06-25T17:06:46.742+09:00  INFO 27308 --- [SpringApplicationShutdownHook] o.s.b.w.e.tomcat.GracefulShutdown        : Commencing graceful shutdown. Waiting for active requests to complete
2025-06-25T17:06:46.753+09:00  INFO 27308 --- [tomcat-shutdown] o.s.b.w.e.tomcat.GracefulShutdown        : Graceful shutdown complete
2025-06-25T17:06:46.753+09:00  INFO 27308 --- [SpringApplicationShutdownHook] j.LocalContainerEntityManagerFactoryBean : Closing JPA EntityManagerFactory for persistence unit 'default'
2025-06-25T17:06:46.753+09:00  INFO 27308 --- [SpringApplicationShutdownHook] com.zaxxer.hikari.HikariDataSource       : HikariPool-1 - Shutdown initiated...
2025-06-25T17:06:46.763+09:00  INFO 27308 --- [SpringApplicationShutdownHook] com.zaxxer.hikari.HikariDataSource       : HikariPool-1 - Shutdown completed.
2025-06-25T17:34:59.081+09:00  INFO 22560 --- [main] com.ols.SpringStarterMain                : Starting SpringStarterMain using Java 21.0.7 with PID 22560 (C:\Users\USER\IdeaProjects\ols\build\classes\java\main started by USER in C:\Users\USER\IdeaProjects\ols)
2025-06-25T17:34:59.083+09:00  INFO 22560 --- [main] com.ols.SpringStarterMain                : No active profile set, falling back to 1 default profile: "default"
2025-06-25T17:34:59.691+09:00  INFO 22560 --- [main] .s.d.r.c.RepositoryConfigurationDelegate : Bootstrapping Spring Data JPA repositories in DEFAULT mode.
2025-06-25T17:34:59.764+09:00  INFO 22560 --- [main] .s.d.r.c.RepositoryConfigurationDelegate : Finished Spring Data repository scanning in 63 ms. Found 6 JPA repository interfaces.
2025-06-25T17:35:00.198+09:00  INFO 22560 --- [main] o.s.b.w.embedded.tomcat.TomcatWebServer  : Tomcat initialized with port 8080 (http)
2025-06-25T17:35:00.211+09:00  INFO 22560 --- [main] o.apache.catalina.core.StandardService   : Starting service [Tomcat]
2025-06-25T17:35:00.211+09:00  INFO 22560 --- [main] o.apache.catalina.core.StandardEngine    : Starting Servlet engine: [Apache Tomcat/10.1.40]
2025-06-25T17:35:00.262+09:00  INFO 22560 --- [main] o.a.c.c.C.[Tomcat].[localhost].[/]       : Initializing Spring embedded WebApplicationContext
2025-06-25T17:35:00.263+09:00  INFO 22560 --- [main] w.s.c.ServletWebServerApplicationContext : Root WebApplicationContext: initialization completed in 1139 ms
2025-06-25T17:35:00.413+09:00  INFO 22560 --- [main] o.hibernate.jpa.internal.util.LogHelper  : HHH000204: Processing PersistenceUnitInfo [name: default]
2025-06-25T17:35:00.468+09:00  INFO 22560 --- [main] org.hibernate.Version                    : HHH000412: Hibernate ORM core version 6.6.13.Final
2025-06-25T17:35:00.501+09:00  INFO 22560 --- [main] o.h.c.internal.RegionFactoryInitiator    : HHH000026: Second-level cache disabled
2025-06-25T17:35:00.784+09:00  INFO 22560 --- [main] o.s.o.j.p.SpringPersistenceUnitInfo      : No LoadTimeWeaver setup: ignoring JPA class transformer
2025-06-25T17:35:00.810+09:00  INFO 22560 --- [main] com.zaxxer.hikari.HikariDataSource       : HikariPool-1 - Starting...
2025-06-25T17:35:00.934+09:00  INFO 22560 --- [main] com.zaxxer.hikari.pool.HikariPool        : HikariPool-1 - Added connection org.postgresql.jdbc.PgConnection@38cf3ae1
2025-06-25T17:35:00.936+09:00  INFO 22560 --- [main] com.zaxxer.hikari.HikariDataSource       : HikariPool-1 - Start completed.
2025-06-25T17:35:00.994+09:00  INFO 22560 --- [main] org.hibernate.orm.connections.pooling    : HHH10001005: Database info:
	Database JDBC URL [Connecting through datasource 'HikariDataSource (HikariPool-1)']
	Database driver: undefined/unknown
	Database version: 15.13
	Autocommit mode: undefined/unknown
	Isolation level: undefined/unknown
	Minimum pool size: undefined/unknown
	Maximum pool size: undefined/unknown
2025-06-25T17:35:01.853+09:00  INFO 22560 --- [main] o.h.e.t.j.p.i.JtaPlatformInitiator       : HHH000489: No JTA platform available (set 'hibernate.transaction.jta.platform' to enable JTA platform integration)
2025-06-25T17:35:02.338+09:00  INFO 22560 --- [main] j.LocalContainerEntityManagerFactoryBean : Initialized JPA EntityManagerFactory for persistence unit 'default'
2025-06-25T17:35:02.595+09:00  WARN 22560 --- [main] ConfigServletWebServerApplicationContext : Exception encountered during context initialization - cancelling refresh attempt: org.springframework.beans.factory.UnsatisfiedDependencyException: Error creating bean with name 'courseApiController' defined in file [C:\Users\USER\IdeaProjects\ols\build\classes\java\main\com\ols\controller\CourseApiController.class]: Unsatisfied dependency expressed through constructor parameter 1: Error creating bean with name 'courseService' defined in file [C:\Users\USER\IdeaProjects\ols\build\classes\java\main\com\ols\service\CourseService.class]: Unsatisfied dependency expressed through constructor parameter 0: Error creating bean with name 'courseRepository' defined in com.ols.repository.CourseRepository defined in @EnableJpaRepositories declared on JpaRepositoriesRegistrar.EnableJpaRepositoriesConfiguration: Could not create query for public abstract com.ols.entity.Course com.ols.repository.CourseRepository.findByCourseId(java.lang.Long); Reason: Failed to create query for method public abstract com.ols.entity.Course com.ols.repository.CourseRepository.findByCourseId(java.lang.Long); No property 'courseId' found for type 'Course'
2025-06-25T17:35:02.596+09:00  INFO 22560 --- [main] j.LocalContainerEntityManagerFactoryBean : Closing JPA EntityManagerFactory for persistence unit 'default'
2025-06-25T17:35:02.598+09:00  INFO 22560 --- [main] com.zaxxer.hikari.HikariDataSource       : HikariPool-1 - Shutdown initiated...
2025-06-25T17:35:02.600+09:00  INFO 22560 --- [main] com.zaxxer.hikari.HikariDataSource       : HikariPool-1 - Shutdown completed.
2025-06-25T17:35:02.602+09:00  INFO 22560 --- [main] o.apache.catalina.core.StandardService   : Stopping service [Tomcat]
2025-06-25T17:35:02.611+09:00  INFO 22560 --- [main] .s.b.a.l.ConditionEvaluationReportLogger : 

Error starting ApplicationContext. To display the condition evaluation report re-run your application with 'debug' enabled.
2025-06-25T17:35:02.630+09:00 ERROR 22560 --- [main] o.s.boot.SpringApplication               : Application run failed

org.springframework.beans.factory.UnsatisfiedDependencyException: Error creating bean with name 'courseApiController' defined in file [C:\Users\USER\IdeaProjects\ols\build\classes\java\main\com\ols\controller\CourseApiController.class]: Unsatisfied dependency expressed through constructor parameter 1: Error creating bean with name 'courseService' defined in file [C:\Users\USER\IdeaProjects\ols\build\classes\java\main\com\ols\service\CourseService.class]: Unsatisfied dependency expressed through constructor parameter 0: Error creating bean with name 'courseRepository' defined in com.ols.repository.CourseRepository defined in @EnableJpaRepositories declared on JpaRepositoriesRegistrar.EnableJpaRepositoriesConfiguration: Could not create query for public abstract com.ols.entity.Course com.ols.repository.CourseRepository.findByCourseId(java.lang.Long); Reason: Failed to create query for method public abstract com.ols.entity.Course com.ols.repository.CourseRepository.findByCourseId(java.lang.Long); No property 'courseId' found for type 'Course'
	at org.springframework.beans.factory.support.ConstructorResolver.createArgumentArray(ConstructorResolver.java:804) ~[spring-beans-6.2.6.jar:6.2.6]
	at org.springframework.beans.factory.support.ConstructorResolver.autowireConstructor(ConstructorResolver.java:240) ~[spring-beans-6.2.6.jar:6.2.6]
	at org.springframework.beans.factory.support.AbstractAutowireCapableBeanFactory.autowireConstructor(AbstractAutowireCapableBeanFactory.java:1387) ~[spring-beans-6.2.6.jar:6.2.6]
	at org.springframework.beans.factory.support.AbstractAutowireCapableBeanFactory.createBeanInstance(AbstractAutowireCapableBeanFactory.java:1224) ~[spring-beans-6.2.6.jar:6.2.6]
	at org.springframework.beans.factory.support.AbstractAutowireCapableBeanFactory.doCreateBean(AbstractAutowireCapableBeanFactory.java:569) ~[spring-beans-6.2.6.jar:6.2.6]
	at org.springframework.beans.factory.support.AbstractAutowireCapableBeanFactory.createBean(AbstractAutowireCapableBeanFactory.java:529) ~[spring-beans-6.2.6.jar:6.2.6]
	at org.springframework.beans.factory.support.AbstractBeanFactory.lambda$doGetBean$0(AbstractBeanFactory.java:339) ~[spring-beans-6.2.6.jar:6.2.6]
	at org.springframework.beans.factory.support.DefaultSingletonBeanRegistry.getSingleton(DefaultSingletonBeanRegistry.java:371) ~[spring-beans-6.2.6.jar:6.2.6]
	at org.springframework.beans.factory.support.AbstractBeanFactory.doGetBean(AbstractBeanFactory.java:337) ~[spring-beans-6.2.6.jar:6.2.6]
	at org.springframework.beans.factory.support.AbstractBeanFactory.getBean(AbstractBeanFactory.java:202) ~[spring-beans-6.2.6.jar:6.2.6]
	at org.springframework.beans.factory.support.DefaultListableBeanFactory.instantiateSingleton(DefaultListableBeanFactory.java:1221) ~[spring-beans-6.2.6.jar:6.2.6]
	at org.springframework.beans.factory.support.DefaultListableBeanFactory.preInstantiateSingleton(DefaultListableBeanFactory.java:1187) ~[spring-beans-6.2.6.jar:6.2.6]
	at org.springframework.beans.factory.support.DefaultListableBeanFactory.preInstantiateSingletons(DefaultListableBeanFactory.java:1122) ~[spring-beans-6.2.6.jar:6.2.6]
	at org.springframework.context.support.AbstractApplicationContext.finishBeanFactoryInitialization(AbstractApplicationContext.java:987) ~[spring-context-6.2.6.jar:6.2.6]
	at org.springframework.context.support.AbstractApplicationContext.refresh(AbstractApplicationContext.java:627) ~[spring-context-6.2.6.jar:6.2.6]
	at org.springframework.boot.web.servlet.context.ServletWebServerApplicationContext.refresh(ServletWebServerApplicationContext.java:146) ~[spring-boot-3.4.5.jar:3.4.5]
	at org.springframework.boot.SpringApplication.refresh(SpringApplication.java:753) ~[spring-boot-3.4.5.jar:3.4.5]
	at org.springframework.boot.SpringApplication.refreshContext(SpringApplication.java:439) ~[spring-boot-3.4.5.jar:3.4.5]
	at org.springframework.boot.SpringApplication.run(SpringApplication.java:318) ~[spring-boot-3.4.5.jar:3.4.5]
	at org.springframework.boot.SpringApplication.run(SpringApplication.java:1362) ~[spring-boot-3.4.5.jar:3.4.5]
	at org.springframework.boot.SpringApplication.run(SpringApplication.java:1351) ~[spring-boot-3.4.5.jar:3.4.5]
	at com.ols.SpringStarterMain.main(SpringStarterMain.java:9) ~[main/:na]
Caused by: org.springframework.beans.factory.UnsatisfiedDependencyException: Error creating bean with name 'courseService' defined in file [C:\Users\USER\IdeaProjects\ols\build\classes\java\main\com\ols\service\CourseService.class]: Unsatisfied dependency expressed through constructor parameter 0: Error creating bean with name 'courseRepository' defined in com.ols.repository.CourseRepository defined in @EnableJpaRepositories declared on JpaRepositoriesRegistrar.EnableJpaRepositoriesConfiguration: Could not create query for public abstract com.ols.entity.Course com.ols.repository.CourseRepository.findByCourseId(java.lang.Long); Reason: Failed to create query for method public abstract com.ols.entity.Course com.ols.repository.CourseRepository.findByCourseId(java.lang.Long); No property 'courseId' found for type 'Course'
	at org.springframework.beans.factory.support.ConstructorResolver.createArgumentArray(ConstructorResolver.java:804) ~[spring-beans-6.2.6.jar:6.2.6]
	at org.springframework.beans.factory.support.ConstructorResolver.autowireConstructor(ConstructorResolver.java:240) ~[spring-beans-6.2.6.jar:6.2.6]
	at org.springframework.beans.factory.support.AbstractAutowireCapableBeanFactory.autowireConstructor(AbstractAutowireCapableBeanFactory.java:1387) ~[spring-beans-6.2.6.jar:6.2.6]
	at org.springframework.beans.factory.support.AbstractAutowireCapableBeanFactory.createBeanInstance(AbstractAutowireCapableBeanFactory.java:1224) ~[spring-beans-6.2.6.jar:6.2.6]
	at org.springframework.beans.factory.support.AbstractAutowireCapableBeanFactory.doCreateBean(AbstractAutowireCapableBeanFactory.java:569) ~[spring-beans-6.2.6.jar:6.2.6]
	at org.springframework.beans.factory.support.AbstractAutowireCapableBeanFactory.createBean(AbstractAutowireCapableBeanFactory.java:529) ~[spring-beans-6.2.6.jar:6.2.6]
	at org.springframework.beans.factory.support.AbstractBeanFactory.lambda$doGetBean$0(AbstractBeanFactory.java:339) ~[spring-beans-6.2.6.jar:6.2.6]
	at org.springframework.beans.factory.support.DefaultSingletonBeanRegistry.getSingleton(DefaultSingletonBeanRegistry.java:371) ~[spring-beans-6.2.6.jar:6.2.6]
	at org.springframework.beans.factory.support.AbstractBeanFactory.doGetBean(AbstractBeanFactory.java:337) ~[spring-beans-6.2.6.jar:6.2.6]
	at org.springframework.beans.factory.support.AbstractBeanFactory.getBean(AbstractBeanFactory.java:202) ~[spring-beans-6.2.6.jar:6.2.6]
	at org.springframework.beans.factory.config.DependencyDescriptor.resolveCandidate(DependencyDescriptor.java:254) ~[spring-beans-6.2.6.jar:6.2.6]
	at org.springframework.beans.factory.support.DefaultListableBeanFactory.doResolveDependency(DefaultListableBeanFactory.java:1739) ~[spring-beans-6.2.6.jar:6.2.6]
	at org.springframework.beans.factory.support.DefaultListableBeanFactory.resolveDependency(DefaultListableBeanFactory.java:1627) ~[spring-beans-6.2.6.jar:6.2.6]
	at org.springframework.beans.factory.support.ConstructorResolver.resolveAutowiredArgument(ConstructorResolver.java:913) ~[spring-beans-6.2.6.jar:6.2.6]
	at org.springframework.beans.factory.support.ConstructorResolver.createArgumentArray(ConstructorResolver.java:791) ~[spring-beans-6.2.6.jar:6.2.6]
	... 21 common frames omitted
Caused by: org.springframework.beans.factory.BeanCreationException: Error creating bean with name 'courseRepository' defined in com.ols.repository.CourseRepository defined in @EnableJpaRepositories declared on JpaRepositoriesRegistrar.EnableJpaRepositoriesConfiguration: Could not create query for public abstract com.ols.entity.Course com.ols.repository.CourseRepository.findByCourseId(java.lang.Long); Reason: Failed to create query for method public abstract com.ols.entity.Course com.ols.repository.CourseRepository.findByCourseId(java.lang.Long); No property 'courseId' found for type 'Course'
	at org.springframework.beans.factory.support.AbstractAutowireCapableBeanFactory.initializeBean(AbstractAutowireCapableBeanFactory.java:1818) ~[spring-beans-6.2.6.jar:6.2.6]
	at org.springframework.beans.factory.support.AbstractAutowireCapableBeanFactory.doCreateBean(AbstractAutowireCapableBeanFactory.java:607) ~[spring-beans-6.2.6.jar:6.2.6]
	at org.springframework.beans.factory.support.AbstractAutowireCapableBeanFactory.createBean(AbstractAutowireCapableBeanFactory.java:529) ~[spring-beans-6.2.6.jar:6.2.6]
	at org.springframework.beans.factory.support.AbstractBeanFactory.lambda$doGetBean$0(AbstractBeanFactory.java:339) ~[spring-beans-6.2.6.jar:6.2.6]
	at org.springframework.beans.factory.support.DefaultSingletonBeanRegistry.getSingleton(DefaultSingletonBeanRegistry.java:371) ~[spring-beans-6.2.6.jar:6.2.6]
	at org.springframework.beans.factory.support.AbstractBeanFactory.doGetBean(AbstractBeanFactory.java:337) ~[spring-beans-6.2.6.jar:6.2.6]
	at org.springframework.beans.factory.support.AbstractBeanFactory.getBean(AbstractBeanFactory.java:202) ~[spring-beans-6.2.6.jar:6.2.6]
	at org.springframework.beans.factory.config.DependencyDescriptor.resolveCandidate(DependencyDescriptor.java:254) ~[spring-beans-6.2.6.jar:6.2.6]
	at org.springframework.beans.factory.support.DefaultListableBeanFactory.doResolveDependency(DefaultListableBeanFactory.java:1739) ~[spring-beans-6.2.6.jar:6.2.6]
	at org.springframework.beans.factory.support.DefaultListableBeanFactory.resolveDependency(DefaultListableBeanFactory.java:1627) ~[spring-beans-6.2.6.jar:6.2.6]
	at org.springframework.beans.factory.support.ConstructorResolver.resolveAutowiredArgument(ConstructorResolver.java:913) ~[spring-beans-6.2.6.jar:6.2.6]
	at org.springframework.beans.factory.support.ConstructorResolver.createArgumentArray(ConstructorResolver.java:791) ~[spring-beans-6.2.6.jar:6.2.6]
	... 35 common frames omitted
Caused by: org.springframework.data.repository.query.QueryCreationException: Could not create query for public abstract com.ols.entity.Course com.ols.repository.CourseRepository.findByCourseId(java.lang.Long); Reason: Failed to create query for method public abstract com.ols.entity.Course com.ols.repository.CourseRepository.findByCourseId(java.lang.Long); No property 'courseId' found for type 'Course'
	at org.springframework.data.repository.query.QueryCreationException.create(QueryCreationException.java:101) ~[spring-data-commons-3.4.5.jar:3.4.5]
	at org.springframework.data.repository.core.support.QueryExecutorMethodInterceptor.lookupQuery(QueryExecutorMethodInterceptor.java:120) ~[spring-data-commons-3.4.5.jar:3.4.5]
	at org.springframework.data.repository.core.support.QueryExecutorMethodInterceptor.mapMethodsToQuery(QueryExecutorMethodInterceptor.java:104) ~[spring-data-commons-3.4.5.jar:3.4.5]
	at org.springframework.data.repository.core.support.QueryExecutorMethodInterceptor.lambda$new$0(QueryExecutorMethodInterceptor.java:92) ~[spring-data-commons-3.4.5.jar:3.4.5]
	at java.base/java.util.Optional.map(Optional.java:260) ~[na:na]
	at org.springframework.data.repository.core.support.QueryExecutorMethodInterceptor.<init>(QueryExecutorMethodInterceptor.java:92) ~[spring-data-commons-3.4.5.jar:3.4.5]
	at org.springframework.data.repository.core.support.RepositoryFactorySupport.getRepository(RepositoryFactorySupport.java:431) ~[spring-data-commons-3.4.5.jar:3.4.5]
	at org.springframework.data.repository.core.support.RepositoryFactoryBeanSupport.lambda$afterPropertiesSet$4(RepositoryFactoryBeanSupport.java:350) ~[spring-data-commons-3.4.5.jar:3.4.5]
	at org.springframework.data.util.Lazy.getNullable(Lazy.java:135) ~[spring-data-commons-3.4.5.jar:3.4.5]
	at org.springframework.data.util.Lazy.get(Lazy.java:113) ~[spring-data-commons-3.4.5.jar:3.4.5]
	at org.springframework.data.repository.core.support.RepositoryFactoryBeanSupport.afterPropertiesSet(RepositoryFactoryBeanSupport.java:356) ~[spring-data-commons-3.4.5.jar:3.4.5]
	at org.springframework.data.jpa.repository.support.JpaRepositoryFactoryBean.afterPropertiesSet(JpaRepositoryFactoryBean.java:132) ~[spring-data-jpa-3.4.5.jar:3.4.5]
	at org.springframework.beans.factory.support.AbstractAutowireCapableBeanFactory.invokeInitMethods(AbstractAutowireCapableBeanFactory.java:1865) ~[spring-beans-6.2.6.jar:6.2.6]
	at org.springframework.beans.factory.support.AbstractAutowireCapableBeanFactory.initializeBean(AbstractAutowireCapableBeanFactory.java:1814) ~[spring-beans-6.2.6.jar:6.2.6]
	... 46 common frames omitted
Caused by: java.lang.IllegalArgumentException: Failed to create query for method public abstract com.ols.entity.Course com.ols.repository.CourseRepository.findByCourseId(java.lang.Long); No property 'courseId' found for type 'Course'
	at org.springframework.data.jpa.repository.query.PartTreeJpaQuery.<init>(PartTreeJpaQuery.java:107) ~[spring-data-jpa-3.4.5.jar:3.4.5]
	at org.springframework.data.jpa.repository.query.JpaQueryLookupStrategy$CreateQueryLookupStrategy.resolveQuery(JpaQueryLookupStrategy.java:128) ~[spring-data-jpa-3.4.5.jar:3.4.5]
	at org.springframework.data.jpa.repository.query.JpaQueryLookupStrategy$CreateIfNotFoundQueryLookupStrategy.resolveQuery(JpaQueryLookupStrategy.java:260) ~[spring-data-jpa-3.4.5.jar:3.4.5]
	at org.springframework.data.jpa.repository.query.JpaQueryLookupStrategy$AbstractQueryLookupStrategy.resolveQuery(JpaQueryLookupStrategy.java:99) ~[spring-data-jpa-3.4.5.jar:3.4.5]
	at org.springframework.data.repository.core.support.QueryExecutorMethodInterceptor.lookupQuery(QueryExecutorMethodInterceptor.java:116) ~[spring-data-commons-3.4.5.jar:3.4.5]
	... 58 common frames omitted
Caused by: org.springframework.data.mapping.PropertyReferenceException: No property 'courseId' found for type 'Course'
	at org.springframework.data.mapping.PropertyPath.<init>(PropertyPath.java:94) ~[spring-data-commons-3.4.5.jar:3.4.5]
	at org.springframework.data.mapping.PropertyPath.create(PropertyPath.java:455) ~[spring-data-commons-3.4.5.jar:3.4.5]
	at org.springframework.data.mapping.PropertyPath.create(PropertyPath.java:431) ~[spring-data-commons-3.4.5.jar:3.4.5]
	at org.springframework.data.mapping.PropertyPath.lambda$from$0(PropertyPath.java:384) ~[spring-data-commons-3.4.5.jar:3.4.5]
	at java.base/java.util.concurrent.ConcurrentMap.computeIfAbsent(ConcurrentMap.java:330) ~[na:na]
	at org.springframework.data.mapping.PropertyPath.from(PropertyPath.java:366) ~[spring-data-commons-3.4.5.jar:3.4.5]
	at org.springframework.data.mapping.PropertyPath.from(PropertyPath.java:344) ~[spring-data-commons-3.4.5.jar:3.4.5]
	at org.springframework.data.repository.query.parser.Part.<init>(Part.java:81) ~[spring-data-commons-3.4.5.jar:3.4.5]
	at org.springframework.data.repository.query.parser.PartTree$OrPart.lambda$new$0(PartTree.java:259) ~[spring-data-commons-3.4.5.jar:3.4.5]
	at java.base/java.util.stream.ReferencePipeline$3$1.accept(ReferencePipeline.java:197) ~[na:na]
	at java.base/java.util.stream.ReferencePipeline$2$1.accept(ReferencePipeline.java:179) ~[na:na]
	at java.base/java.util.Spliterators$ArraySpliterator.forEachRemaining(Spliterators.java:1024) ~[na:na]
	at java.base/java.util.stream.AbstractPipeline.copyInto(AbstractPipeline.java:509) ~[na:na]
	at java.base/java.util.stream.AbstractPipeline.wrapAndCopyInto(AbstractPipeline.java:499) ~[na:na]
	at java.base/java.util.stream.ReduceOps$ReduceOp.evaluateSequential(ReduceOps.java:921) ~[na:na]
	at java.base/java.util.stream.AbstractPipeline.evaluate(AbstractPipeline.java:234) ~[na:na]
	at java.base/java.util.stream.ReferencePipeline.collect(ReferencePipeline.java:682) ~[na:na]
	at org.springframework.data.repository.query.parser.PartTree$OrPart.<init>(PartTree.java:260) ~[spring-data-commons-3.4.5.jar:3.4.5]
	at org.springframework.data.repository.query.parser.PartTree$Predicate.lambda$new$0(PartTree.java:389) ~[spring-data-commons-3.4.5.jar:3.4.5]
	at java.base/java.util.stream.ReferencePipeline$3$1.accept(ReferencePipeline.java:197) ~[na:na]
	at java.base/java.util.stream.ReferencePipeline$2$1.accept(ReferencePipeline.java:179) ~[na:na]
	at java.base/java.util.Spliterators$ArraySpliterator.forEachRemaining(Spliterators.java:1024) ~[na:na]
	at java.base/java.util.stream.AbstractPipeline.copyInto(AbstractPipeline.java:509) ~[na:na]
	at java.base/java.util.stream.AbstractPipeline.wrapAndCopyInto(AbstractPipeline.java:499) ~[na:na]
	at java.base/java.util.stream.ReduceOps$ReduceOp.evaluateSequential(ReduceOps.java:921) ~[na:na]
	at java.base/java.util.stream.AbstractPipeline.evaluate(AbstractPipeline.java:234) ~[na:na]
	at java.base/java.util.stream.ReferencePipeline.collect(ReferencePipeline.java:682) ~[na:na]
	at org.springframework.data.repository.query.parser.PartTree$Predicate.<init>(PartTree.java:390) ~[spring-data-commons-3.4.5.jar:3.4.5]
	at org.springframework.data.repository.query.parser.PartTree.<init>(PartTree.java:103) ~[spring-data-commons-3.4.5.jar:3.4.5]
	at org.springframework.data.jpa.repository.query.PartTreeJpaQuery.<init>(PartTreeJpaQuery.java:101) ~[spring-data-jpa-3.4.5.jar:3.4.5]
	... 62 common frames omitted

2025-06-25T17:37:16.068+09:00  INFO 25936 --- [main] com.ols.SpringStarterMain                : Starting SpringStarterMain using Java 21.0.7 with PID 25936 (C:\Users\USER\IdeaProjects\ols\build\classes\java\main started by USER in C:\Users\USER\IdeaProjects\ols)
2025-06-25T17:37:16.069+09:00  INFO 25936 --- [main] com.ols.SpringStarterMain                : No active profile set, falling back to 1 default profile: "default"
2025-06-25T17:37:16.618+09:00  INFO 25936 --- [main] .s.d.r.c.RepositoryConfigurationDelegate : Bootstrapping Spring Data JPA repositories in DEFAULT mode.
2025-06-25T17:37:16.679+09:00  INFO 25936 --- [main] .s.d.r.c.RepositoryConfigurationDelegate : Finished Spring Data repository scanning in 54 ms. Found 6 JPA repository interfaces.
2025-06-25T17:37:17.082+09:00  INFO 25936 --- [main] o.s.b.w.embedded.tomcat.TomcatWebServer  : Tomcat initialized with port 8080 (http)
2025-06-25T17:37:17.092+09:00  INFO 25936 --- [main] o.apache.catalina.core.StandardService   : Starting service [Tomcat]
2025-06-25T17:37:17.092+09:00  INFO 25936 --- [main] o.apache.catalina.core.StandardEngine    : Starting Servlet engine: [Apache Tomcat/10.1.40]
2025-06-25T17:37:17.141+09:00  INFO 25936 --- [main] o.a.c.c.C.[Tomcat].[localhost].[/]       : Initializing Spring embedded WebApplicationContext
2025-06-25T17:37:17.141+09:00  INFO 25936 --- [main] w.s.c.ServletWebServerApplicationContext : Root WebApplicationContext: initialization completed in 1036 ms
2025-06-25T17:37:17.274+09:00  INFO 25936 --- [main] o.hibernate.jpa.internal.util.LogHelper  : HHH000204: Processing PersistenceUnitInfo [name: default]
2025-06-25T17:37:17.323+09:00  INFO 25936 --- [main] org.hibernate.Version                    : HHH000412: Hibernate ORM core version 6.6.13.Final
2025-06-25T17:37:17.352+09:00  INFO 25936 --- [main] o.h.c.internal.RegionFactoryInitiator    : HHH000026: Second-level cache disabled
2025-06-25T17:37:17.604+09:00  INFO 25936 --- [main] o.s.o.j.p.SpringPersistenceUnitInfo      : No LoadTimeWeaver setup: ignoring JPA class transformer
2025-06-25T17:37:17.629+09:00  INFO 25936 --- [main] com.zaxxer.hikari.HikariDataSource       : HikariPool-1 - Starting...
2025-06-25T17:37:17.740+09:00  INFO 25936 --- [main] com.zaxxer.hikari.pool.HikariPool        : HikariPool-1 - Added connection org.postgresql.jdbc.PgConnection@7d626f2
2025-06-25T17:37:17.742+09:00  INFO 25936 --- [main] com.zaxxer.hikari.HikariDataSource       : HikariPool-1 - Start completed.
2025-06-25T17:37:17.796+09:00  INFO 25936 --- [main] org.hibernate.orm.connections.pooling    : HHH10001005: Database info:
	Database JDBC URL [Connecting through datasource 'HikariDataSource (HikariPool-1)']
	Database driver: undefined/unknown
	Database version: 15.13
	Autocommit mode: undefined/unknown
	Isolation level: undefined/unknown
	Minimum pool size: undefined/unknown
	Maximum pool size: undefined/unknown
2025-06-25T17:37:18.605+09:00  INFO 25936 --- [main] o.h.e.t.j.p.i.JtaPlatformInitiator       : HHH000489: No JTA platform available (set 'hibernate.transaction.jta.platform' to enable JTA platform integration)
2025-06-25T17:37:19.065+09:00  INFO 25936 --- [main] j.LocalContainerEntityManagerFactoryBean : Initialized JPA EntityManagerFactory for persistence unit 'default'
2025-06-25T17:37:19.366+09:00  WARN 25936 --- [main] JpaBaseConfiguration$JpaWebConfiguration : spring.jpa.open-in-view is enabled by default. Therefore, database queries may be performed during view rendering. Explicitly configure spring.jpa.open-in-view to disable this warning
2025-06-25T17:37:19.389+09:00  INFO 25936 --- [main] r$InitializeUserDetailsManagerConfigurer : Global AuthenticationManager configured with UserDetailsService bean with name userDetailService
2025-06-25T17:37:19.616+09:00  WARN 25936 --- [main] o.s.s.c.a.web.builders.WebSecurity       : You are asking Spring Security to ignore Deferred [Mvc [pattern='/**', OPTIONS], Ant [pattern='/**', OPTIONS]]. This is not recommended -- please use permitAll via HttpSecurity#authorizeHttpRequests instead.
2025-06-25T17:37:19.616+09:00  WARN 25936 --- [main] o.s.s.c.a.web.builders.WebSecurity       : You are asking Spring Security to ignore Deferred [Mvc [pattern='/static/**'], Ant [pattern='/static/**']]. This is not recommended -- please use permitAll via HttpSecurity#authorizeHttpRequests instead.
2025-06-25T17:37:19.801+09:00  INFO 25936 --- [main] o.s.b.w.embedded.tomcat.TomcatWebServer  : Tomcat started on port 8080 (http) with context path '/'
2025-06-25T17:37:19.807+09:00  INFO 25936 --- [main] com.ols.SpringStarterMain                : Started SpringStarterMain in 4.157 seconds (process running for 4.631)
2025-06-25T17:37:28.924+09:00  INFO 25936 --- [http-nio-8080-exec-1] o.a.c.c.C.[Tomcat].[localhost].[/]       : Initializing Spring DispatcherServlet 'dispatcherServlet'
2025-06-25T17:37:28.924+09:00  INFO 25936 --- [http-nio-8080-exec-1] o.s.web.servlet.DispatcherServlet        : Initializing Servlet 'dispatcherServlet'
2025-06-25T17:37:28.925+09:00  INFO 25936 --- [http-nio-8080-exec-1] o.s.web.servlet.DispatcherServlet        : Completed initialization in 1 ms
2025-06-25T17:37:55.310+09:00  WARN 25936 --- [http-nio-8080-exec-8] .w.s.m.s.DefaultHandlerExceptionResolver : Resolved [org.springframework.web.HttpMediaTypeNotSupportedException: Content-Type 'application/x-www-form-urlencoded;charset=UTF-8' is not supported]
2025-06-25T17:39:56.879+09:00 DEBUG 25936 --- [http-nio-8080-exec-7] o.h.sql.results.internal.ResultsHelper   : Collection fully initialized: [com.ols.entity.Course.students#1]
2025-06-25T17:39:56.908+09:00  WARN 25936 --- [http-nio-8080-exec-7] .w.s.m.s.DefaultHandlerExceptionResolver : Ignoring exception, response committed already: org.springframework.http.converter.HttpMessageNotWritableException: Could not write JSON: Document nesting depth (1001) exceeds the maximum allowed (1000, from `StreamWriteConstraints.getMaxNestingDepth()`)
2025-06-25T17:39:56.908+09:00  WARN 25936 --- [http-nio-8080-exec-7] .w.s.m.s.DefaultHandlerExceptionResolver : Resolved [org.springframework.http.converter.HttpMessageNotWritableException: Could not write JSON: Document nesting depth (1001) exceeds the maximum allowed (1000, from `StreamWriteConstraints.getMaxNestingDepth()`)]
2025-06-25T17:40:33.724+09:00 DEBUG 25936 --- [http-nio-8080-exec-6] o.h.sql.results.internal.ResultsHelper   : Collection fully initialized: [com.ols.entity.Course.students#3]
2025-06-25T17:40:33.734+09:00  WARN 25936 --- [http-nio-8080-exec-6] .w.s.m.s.DefaultHandlerExceptionResolver : Ignoring exception, response committed already: org.springframework.http.converter.HttpMessageNotWritableException: Could not write JSON: Document nesting depth (1001) exceeds the maximum allowed (1000, from `StreamWriteConstraints.getMaxNestingDepth()`)
2025-06-25T17:40:33.734+09:00  WARN 25936 --- [http-nio-8080-exec-6] .w.s.m.s.DefaultHandlerExceptionResolver : Resolved [org.springframework.http.converter.HttpMessageNotWritableException: Could not write JSON: Document nesting depth (1001) exceeds the maximum allowed (1000, from `StreamWriteConstraints.getMaxNestingDepth()`)]
2025-06-25T17:42:33.991+09:00  INFO 25936 --- [SpringApplicationShutdownHook] o.s.b.w.e.tomcat.GracefulShutdown        : Commencing graceful shutdown. Waiting for active requests to complete
2025-06-25T17:42:33.998+09:00  INFO 25936 --- [tomcat-shutdown] o.s.b.w.e.tomcat.GracefulShutdown        : Graceful shutdown complete
2025-06-25T17:42:34.001+09:00  INFO 25936 --- [SpringApplicationShutdownHook] j.LocalContainerEntityManagerFactoryBean : Closing JPA EntityManagerFactory for persistence unit 'default'
2025-06-25T17:42:34.003+09:00  INFO 25936 --- [SpringApplicationShutdownHook] com.zaxxer.hikari.HikariDataSource       : HikariPool-1 - Shutdown initiated...
2025-06-25T17:42:34.005+09:00  INFO 25936 --- [SpringApplicationShutdownHook] com.zaxxer.hikari.HikariDataSource       : HikariPool-1 - Shutdown completed.
2025-06-25T17:50:52.081+09:00  INFO 23176 --- [main] com.ols.SpringStarterMain                : Starting SpringStarterMain using Java 21.0.7 with PID 23176 (C:\Users\USER\IdeaProjects\ols\build\classes\java\main started by USER in C:\Users\USER\IdeaProjects\ols)
2025-06-25T17:50:52.083+09:00  INFO 23176 --- [main] com.ols.SpringStarterMain                : No active profile set, falling back to 1 default profile: "default"
2025-06-25T17:50:52.624+09:00  INFO 23176 --- [main] .s.d.r.c.RepositoryConfigurationDelegate : Bootstrapping Spring Data JPA repositories in DEFAULT mode.
2025-06-25T17:50:52.683+09:00  INFO 23176 --- [main] .s.d.r.c.RepositoryConfigurationDelegate : Finished Spring Data repository scanning in 52 ms. Found 6 JPA repository interfaces.
2025-06-25T17:50:53.110+09:00  INFO 23176 --- [main] o.s.b.w.embedded.tomcat.TomcatWebServer  : Tomcat initialized with port 8080 (http)
2025-06-25T17:50:53.124+09:00  INFO 23176 --- [main] o.apache.catalina.core.StandardService   : Starting service [Tomcat]
2025-06-25T17:50:53.124+09:00  INFO 23176 --- [main] o.apache.catalina.core.StandardEngine    : Starting Servlet engine: [Apache Tomcat/10.1.40]
2025-06-25T17:50:53.181+09:00  INFO 23176 --- [main] o.a.c.c.C.[Tomcat].[localhost].[/]       : Initializing Spring embedded WebApplicationContext
2025-06-25T17:50:53.182+09:00  INFO 23176 --- [main] w.s.c.ServletWebServerApplicationContext : Root WebApplicationContext: initialization completed in 1065 ms
2025-06-25T17:50:53.340+09:00  INFO 23176 --- [main] o.hibernate.jpa.internal.util.LogHelper  : HHH000204: Processing PersistenceUnitInfo [name: default]
2025-06-25T17:50:53.394+09:00  INFO 23176 --- [main] org.hibernate.Version                    : HHH000412: Hibernate ORM core version 6.6.13.Final
2025-06-25T17:50:53.424+09:00  INFO 23176 --- [main] o.h.c.internal.RegionFactoryInitiator    : HHH000026: Second-level cache disabled
2025-06-25T17:50:53.678+09:00  INFO 23176 --- [main] o.s.o.j.p.SpringPersistenceUnitInfo      : No LoadTimeWeaver setup: ignoring JPA class transformer
2025-06-25T17:50:53.704+09:00  INFO 23176 --- [main] com.zaxxer.hikari.HikariDataSource       : HikariPool-1 - Starting...
2025-06-25T17:50:53.819+09:00  INFO 23176 --- [main] com.zaxxer.hikari.pool.HikariPool        : HikariPool-1 - Added connection org.postgresql.jdbc.PgConnection@581918f6
2025-06-25T17:50:53.820+09:00  INFO 23176 --- [main] com.zaxxer.hikari.HikariDataSource       : HikariPool-1 - Start completed.
2025-06-25T17:50:53.875+09:00  INFO 23176 --- [main] org.hibernate.orm.connections.pooling    : HHH10001005: Database info:
	Database JDBC URL [Connecting through datasource 'HikariDataSource (HikariPool-1)']
	Database driver: undefined/unknown
	Database version: 15.13
	Autocommit mode: undefined/unknown
	Isolation level: undefined/unknown
	Minimum pool size: undefined/unknown
	Maximum pool size: undefined/unknown
2025-06-25T17:50:54.717+09:00  INFO 23176 --- [main] o.h.e.t.j.p.i.JtaPlatformInitiator       : HHH000489: No JTA platform available (set 'hibernate.transaction.jta.platform' to enable JTA platform integration)
2025-06-25T17:50:55.202+09:00  INFO 23176 --- [main] j.LocalContainerEntityManagerFactoryBean : Initialized JPA EntityManagerFactory for persistence unit 'default'
2025-06-25T17:50:55.505+09:00  WARN 23176 --- [main] JpaBaseConfiguration$JpaWebConfiguration : spring.jpa.open-in-view is enabled by default. Therefore, database queries may be performed during view rendering. Explicitly configure spring.jpa.open-in-view to disable this warning
2025-06-25T17:50:55.529+09:00  INFO 23176 --- [main] r$InitializeUserDetailsManagerConfigurer : Global AuthenticationManager configured with UserDetailsService bean with name userDetailService
2025-06-25T17:50:55.769+09:00  WARN 23176 --- [main] o.s.s.c.a.web.builders.WebSecurity       : You are asking Spring Security to ignore Deferred [Mvc [pattern='/**', OPTIONS], Ant [pattern='/**', OPTIONS]]. This is not recommended -- please use permitAll via HttpSecurity#authorizeHttpRequests instead.
2025-06-25T17:50:55.769+09:00  WARN 23176 --- [main] o.s.s.c.a.web.builders.WebSecurity       : You are asking Spring Security to ignore Deferred [Mvc [pattern='/static/**'], Ant [pattern='/static/**']]. This is not recommended -- please use permitAll via HttpSecurity#authorizeHttpRequests instead.
2025-06-25T17:50:55.956+09:00  INFO 23176 --- [main] o.s.b.w.embedded.tomcat.TomcatWebServer  : Tomcat started on port 8080 (http) with context path '/'
2025-06-25T17:50:55.962+09:00  INFO 23176 --- [main] com.ols.SpringStarterMain                : Started SpringStarterMain in 4.295 seconds (process running for 4.767)
2025-06-25T17:53:06.287+09:00  INFO 23176 --- [http-nio-8080-exec-1] o.a.c.c.C.[Tomcat].[localhost].[/]       : Initializing Spring DispatcherServlet 'dispatcherServlet'
2025-06-25T17:53:06.287+09:00  INFO 23176 --- [http-nio-8080-exec-1] o.s.web.servlet.DispatcherServlet        : Initializing Servlet 'dispatcherServlet'
2025-06-25T17:53:06.287+09:00  INFO 23176 --- [http-nio-8080-exec-1] o.s.web.servlet.DispatcherServlet        : Completed initialization in 0 ms
2025-06-25T17:55:02.731+09:00 DEBUG 23176 --- [http-nio-8080-exec-5] o.h.sql.results.internal.ResultsHelper   : Collection fully initialized: [com.ols.entity.Student.enrolledCourses#1]
2025-06-25T17:55:06.369+09:00 DEBUG 23176 --- [http-nio-8080-exec-10] o.h.sql.results.internal.ResultsHelper   : Collection fully initialized: [com.ols.entity.Student.enrolledCourses#1]
2025-06-25T17:55:06.369+09:00 DEBUG 23176 --- [http-nio-8080-exec-7] o.h.sql.results.internal.ResultsHelper   : Collection fully initialized: [com.ols.entity.Student.enrolledCourses#1]
2025-06-25T17:56:27.776+09:00 DEBUG 23176 --- [http-nio-8080-exec-2] o.h.sql.results.internal.ResultsHelper   : Collection fully initialized: [com.ols.entity.Student.enrolledCourses#1]
2025-06-25T17:56:34.505+09:00 DEBUG 23176 --- [http-nio-8080-exec-6] o.h.sql.results.internal.ResultsHelper   : Collection fully initialized: [com.ols.entity.Course.students#2]
2025-06-25T17:56:34.542+09:00  WARN 23176 --- [http-nio-8080-exec-6] .w.s.m.s.DefaultHandlerExceptionResolver : Ignoring exception, response committed already: org.springframework.http.converter.HttpMessageNotWritableException: Could not write JSON: Document nesting depth (1001) exceeds the maximum allowed (1000, from `StreamWriteConstraints.getMaxNestingDepth()`)
2025-06-25T17:56:34.542+09:00  WARN 23176 --- [http-nio-8080-exec-6] .w.s.m.s.DefaultHandlerExceptionResolver : Resolved [org.springframework.http.converter.HttpMessageNotWritableException: Could not write JSON: Document nesting depth (1001) exceeds the maximum allowed (1000, from `StreamWriteConstraints.getMaxNestingDepth()`)]
2025-06-25T17:56:35.520+09:00 DEBUG 23176 --- [http-nio-8080-exec-5] o.h.sql.results.internal.ResultsHelper   : Collection fully initialized: [com.ols.entity.Student.enrolledCourses#1]
2025-06-25T17:56:35.520+09:00 DEBUG 23176 --- [http-nio-8080-exec-7] o.h.sql.results.internal.ResultsHelper   : Collection fully initialized: [com.ols.entity.Student.enrolledCourses#1]
2025-06-25T17:56:38.333+09:00 DEBUG 23176 --- [http-nio-8080-exec-8] o.h.sql.results.internal.ResultsHelper   : Collection fully initialized: [com.ols.entity.Student.enrolledCourses#1]
2025-06-25T17:56:38.333+09:00 DEBUG 23176 --- [http-nio-8080-exec-10] o.h.sql.results.internal.ResultsHelper   : Collection fully initialized: [com.ols.entity.Student.enrolledCourses#1]
2025-06-25T17:57:38.599+09:00 DEBUG 23176 --- [http-nio-8080-exec-1] o.h.sql.results.internal.ResultsHelper   : Collection fully initialized: [com.ols.entity.Student.enrolledCourses#1]
2025-06-25T17:57:38.599+09:00 DEBUG 23176 --- [http-nio-8080-exec-4] o.h.sql.results.internal.ResultsHelper   : Collection fully initialized: [com.ols.entity.Student.enrolledCourses#1]
2025-06-25T17:57:52.133+09:00 DEBUG 23176 --- [http-nio-8080-exec-3] o.h.sql.results.internal.ResultsHelper   : Collection fully initialized: [com.ols.entity.Student.enrolledCourses#1]
2025-06-25T18:05:50.445+09:00  INFO 23176 --- [SpringApplicationShutdownHook] o.s.b.w.e.tomcat.GracefulShutdown        : Commencing graceful shutdown. Waiting for active requests to complete
2025-06-25T18:05:50.452+09:00  INFO 23176 --- [tomcat-shutdown] o.s.b.w.e.tomcat.GracefulShutdown        : Graceful shutdown complete
2025-06-25T18:05:50.455+09:00  INFO 23176 --- [SpringApplicationShutdownHook] j.LocalContainerEntityManagerFactoryBean : Closing JPA EntityManagerFactory for persistence unit 'default'
2025-06-25T18:05:50.456+09:00  INFO 23176 --- [SpringApplicationShutdownHook] com.zaxxer.hikari.HikariDataSource       : HikariPool-1 - Shutdown initiated...
2025-06-25T18:05:50.458+09:00  INFO 23176 --- [SpringApplicationShutdownHook] com.zaxxer.hikari.HikariDataSource       : HikariPool-1 - Shutdown completed.
2025-06-25T18:05:53.928+09:00  INFO 27584 --- [main] com.ols.SpringStarterMain                : Starting SpringStarterMain using Java 21.0.7 with PID 27584 (C:\Users\USER\IdeaProjects\ols\build\classes\java\main started by USER in C:\Users\USER\IdeaProjects\ols)
2025-06-25T18:05:53.930+09:00  INFO 27584 --- [main] com.ols.SpringStarterMain                : No active profile set, falling back to 1 default profile: "default"
2025-06-25T18:05:54.504+09:00  INFO 27584 --- [main] .s.d.r.c.RepositoryConfigurationDelegate : Bootstrapping Spring Data JPA repositories in DEFAULT mode.
2025-06-25T18:05:54.568+09:00  INFO 27584 --- [main] .s.d.r.c.RepositoryConfigurationDelegate : Finished Spring Data repository scanning in 57 ms. Found 6 JPA repository interfaces.
2025-06-25T18:05:54.973+09:00  INFO 27584 --- [main] o.s.b.w.embedded.tomcat.TomcatWebServer  : Tomcat initialized with port 8080 (http)
2025-06-25T18:05:54.984+09:00  INFO 27584 --- [main] o.apache.catalina.core.StandardService   : Starting service [Tomcat]
2025-06-25T18:05:54.984+09:00  INFO 27584 --- [main] o.apache.catalina.core.StandardEngine    : Starting Servlet engine: [Apache Tomcat/10.1.40]
2025-06-25T18:05:55.034+09:00  INFO 27584 --- [main] o.a.c.c.C.[Tomcat].[localhost].[/]       : Initializing Spring embedded WebApplicationContext
2025-06-25T18:05:55.035+09:00  INFO 27584 --- [main] w.s.c.ServletWebServerApplicationContext : Root WebApplicationContext: initialization completed in 1068 ms
2025-06-25T18:05:55.169+09:00  INFO 27584 --- [main] o.hibernate.jpa.internal.util.LogHelper  : HHH000204: Processing PersistenceUnitInfo [name: default]
2025-06-25T18:05:55.218+09:00  INFO 27584 --- [main] org.hibernate.Version                    : HHH000412: Hibernate ORM core version 6.6.13.Final
2025-06-25T18:05:55.249+09:00  INFO 27584 --- [main] o.h.c.internal.RegionFactoryInitiator    : HHH000026: Second-level cache disabled
2025-06-25T18:05:55.504+09:00  INFO 27584 --- [main] o.s.o.j.p.SpringPersistenceUnitInfo      : No LoadTimeWeaver setup: ignoring JPA class transformer
2025-06-25T18:05:55.530+09:00  INFO 27584 --- [main] com.zaxxer.hikari.HikariDataSource       : HikariPool-1 - Starting...
2025-06-25T18:05:55.646+09:00  INFO 27584 --- [main] com.zaxxer.hikari.pool.HikariPool        : HikariPool-1 - Added connection org.postgresql.jdbc.PgConnection@1a4083f6
2025-06-25T18:05:55.648+09:00  INFO 27584 --- [main] com.zaxxer.hikari.HikariDataSource       : HikariPool-1 - Start completed.
2025-06-25T18:05:55.703+09:00  INFO 27584 --- [main] org.hibernate.orm.connections.pooling    : HHH10001005: Database info:
	Database JDBC URL [Connecting through datasource 'HikariDataSource (HikariPool-1)']
	Database driver: undefined/unknown
	Database version: 15.13
	Autocommit mode: undefined/unknown
	Isolation level: undefined/unknown
	Minimum pool size: undefined/unknown
	Maximum pool size: undefined/unknown
2025-06-25T18:05:56.555+09:00  INFO 27584 --- [main] o.h.e.t.j.p.i.JtaPlatformInitiator       : HHH000489: No JTA platform available (set 'hibernate.transaction.jta.platform' to enable JTA platform integration)
2025-06-25T18:05:57.016+09:00  INFO 27584 --- [main] j.LocalContainerEntityManagerFactoryBean : Initialized JPA EntityManagerFactory for persistence unit 'default'
2025-06-25T18:05:57.310+09:00  WARN 27584 --- [main] JpaBaseConfiguration$JpaWebConfiguration : spring.jpa.open-in-view is enabled by default. Therefore, database queries may be performed during view rendering. Explicitly configure spring.jpa.open-in-view to disable this warning
2025-06-25T18:05:57.334+09:00  INFO 27584 --- [main] r$InitializeUserDetailsManagerConfigurer : Global AuthenticationManager configured with UserDetailsService bean with name userDetailService
2025-06-25T18:05:57.562+09:00  WARN 27584 --- [main] o.s.s.c.a.web.builders.WebSecurity       : You are asking Spring Security to ignore Deferred [Mvc [pattern='/**', OPTIONS], Ant [pattern='/**', OPTIONS]]. This is not recommended -- please use permitAll via HttpSecurity#authorizeHttpRequests instead.
2025-06-25T18:05:57.563+09:00  WARN 27584 --- [main] o.s.s.c.a.web.builders.WebSecurity       : You are asking Spring Security to ignore Deferred [Mvc [pattern='/static/**'], Ant [pattern='/static/**']]. This is not recommended -- please use permitAll via HttpSecurity#authorizeHttpRequests instead.
2025-06-25T18:05:57.760+09:00  INFO 27584 --- [main] o.s.b.w.embedded.tomcat.TomcatWebServer  : Tomcat started on port 8080 (http) with context path '/'
2025-06-25T18:05:57.766+09:00  INFO 27584 --- [main] com.ols.SpringStarterMain                : Started SpringStarterMain in 4.311 seconds (process running for 4.823)
2025-06-25T18:06:01.563+09:00  INFO 27584 --- [http-nio-8080-exec-3] o.a.c.c.C.[Tomcat].[localhost].[/]       : Initializing Spring DispatcherServlet 'dispatcherServlet'
2025-06-25T18:06:01.563+09:00  INFO 27584 --- [http-nio-8080-exec-3] o.s.web.servlet.DispatcherServlet        : Initializing Servlet 'dispatcherServlet'
2025-06-25T18:06:01.564+09:00  INFO 27584 --- [http-nio-8080-exec-3] o.s.web.servlet.DispatcherServlet        : Completed initialization in 1 ms
2025-06-25T18:06:01.905+09:00 DEBUG 27584 --- [http-nio-8080-exec-1] o.h.sql.results.internal.ResultsHelper   : Collection fully initialized: [com.ols.entity.Student.enrolledCourses#1]
2025-06-25T18:06:01.905+09:00 DEBUG 27584 --- [http-nio-8080-exec-3] o.h.sql.results.internal.ResultsHelper   : Collection fully initialized: [com.ols.entity.Student.enrolledCourses#1]
2025-06-25T18:06:15.652+09:00 DEBUG 27584 --- [http-nio-8080-exec-6] o.h.sql.results.internal.ResultsHelper   : Collection fully initialized: [com.ols.entity.Student.enrolledCourses#1]
2025-06-25T18:06:15.652+09:00 DEBUG 27584 --- [http-nio-8080-exec-5] o.h.sql.results.internal.ResultsHelper   : Collection fully initialized: [com.ols.entity.Student.enrolledCourses#1]
2025-06-25T18:07:24.340+09:00 DEBUG 27584 --- [http-nio-8080-exec-2] o.h.sql.results.internal.ResultsHelper   : Collection fully initialized: [com.ols.entity.Student.enrolledCourses#1]
2025-06-25T18:07:24.340+09:00 DEBUG 27584 --- [http-nio-8080-exec-4] o.h.sql.results.internal.ResultsHelper   : Collection fully initialized: [com.ols.entity.Student.enrolledCourses#1]
2025-06-25T18:20:02.683+09:00 DEBUG 27584 --- [http-nio-8080-exec-5] o.h.sql.results.internal.ResultsHelper   : Collection fully initialized: [com.ols.entity.Student.enrolledCourses#1]
2025-06-25T18:20:16.144+09:00 DEBUG 27584 --- [http-nio-8080-exec-6] o.h.sql.results.internal.ResultsHelper   : Collection fully initialized: [com.ols.entity.Student.enrolledCourses#1]
2025-06-25T18:20:16.144+09:00 DEBUG 27584 --- [http-nio-8080-exec-8] o.h.sql.results.internal.ResultsHelper   : Collection fully initialized: [com.ols.entity.Student.enrolledCourses#1]
2025-06-25T18:20:19.109+09:00 DEBUG 27584 --- [http-nio-8080-exec-10] o.h.sql.results.internal.ResultsHelper   : Collection fully initialized: [com.ols.entity.Student.enrolledCourses#1]
2025-06-25T18:20:19.109+09:00 DEBUG 27584 --- [http-nio-8080-exec-1] o.h.sql.results.internal.ResultsHelper   : Collection fully initialized: [com.ols.entity.Student.enrolledCourses#1]
2025-06-25T18:20:55.096+09:00  WARN 27584 --- [http-nio-8080-exec-6] .w.s.m.s.DefaultHandlerExceptionResolver : Ignoring exception, response committed already: org.springframework.http.converter.HttpMessageNotWritableException: Could not write JSON: Document nesting depth (1001) exceeds the maximum allowed (1000, from `StreamWriteConstraints.getMaxNestingDepth()`)
2025-06-25T18:20:55.096+09:00  WARN 27584 --- [http-nio-8080-exec-6] .w.s.m.s.DefaultHandlerExceptionResolver : Resolved [org.springframework.http.converter.HttpMessageNotWritableException: Could not write JSON: Document nesting depth (1001) exceeds the maximum allowed (1000, from `StreamWriteConstraints.getMaxNestingDepth()`)]
2025-06-25T19:03:32.029+09:00 DEBUG 27584 --- [http-nio-8080-exec-3] o.h.sql.results.internal.ResultsHelper   : Collection fully initialized: [com.ols.entity.Student.enrolledCourses#1]
2025-06-25T19:03:32.037+09:00 DEBUG 27584 --- [http-nio-8080-exec-7] o.h.sql.results.internal.ResultsHelper   : Collection fully initialized: [com.ols.entity.Student.enrolledCourses#1]
2025-06-25T19:03:49.924+09:00 DEBUG 27584 --- [http-nio-8080-exec-6] o.h.sql.results.internal.ResultsHelper   : Collection fully initialized: [com.ols.entity.Student.enrolledCourses#1]
2025-06-25T19:04:03.910+09:00 DEBUG 27584 --- [http-nio-8080-exec-1] o.h.sql.results.internal.ResultsHelper   : Collection fully initialized: [com.ols.entity.Course.students#4]
2025-06-25T19:04:03.936+09:00  WARN 27584 --- [http-nio-8080-exec-1] .w.s.m.s.DefaultHandlerExceptionResolver : Ignoring exception, response committed already: org.springframework.http.converter.HttpMessageNotWritableException: Could not write JSON: Document nesting depth (1001) exceeds the maximum allowed (1000, from `StreamWriteConstraints.getMaxNestingDepth()`)
2025-06-25T19:04:03.937+09:00  WARN 27584 --- [http-nio-8080-exec-1] .w.s.m.s.DefaultHandlerExceptionResolver : Resolved [org.springframework.http.converter.HttpMessageNotWritableException: Could not write JSON: Document nesting depth (1001) exceeds the maximum allowed (1000, from `StreamWriteConstraints.getMaxNestingDepth()`)]
2025-06-25T19:04:05.133+09:00 DEBUG 27584 --- [http-nio-8080-exec-2] o.h.sql.results.internal.ResultsHelper   : Collection fully initialized: [com.ols.entity.Student.enrolledCourses#1]
2025-06-25T19:04:05.133+09:00 DEBUG 27584 --- [http-nio-8080-exec-9] o.h.sql.results.internal.ResultsHelper   : Collection fully initialized: [com.ols.entity.Student.enrolledCourses#1]
2025-06-25T19:04:12.844+09:00 DEBUG 27584 --- [http-nio-8080-exec-10] o.h.sql.results.internal.ResultsHelper   : Collection fully initialized: [com.ols.entity.Student.enrolledCourses#1]
2025-06-25T19:04:12.844+09:00 DEBUG 27584 --- [http-nio-8080-exec-7] o.h.sql.results.internal.ResultsHelper   : Collection fully initialized: [com.ols.entity.Student.enrolledCourses#1]
2025-06-25T19:04:18.730+09:00 DEBUG 27584 --- [http-nio-8080-exec-8] o.h.sql.results.internal.ResultsHelper   : Collection fully initialized: [com.ols.entity.Student.enrolledCourses#1]
2025-06-25T19:04:18.730+09:00 DEBUG 27584 --- [http-nio-8080-exec-5] o.h.sql.results.internal.ResultsHelper   : Collection fully initialized: [com.ols.entity.Student.enrolledCourses#1]
2025-06-25T19:04:34.833+09:00  WARN 27584 --- [http-nio-8080-exec-4] .w.s.m.s.DefaultHandlerExceptionResolver : Ignoring exception, response committed already: org.springframework.http.converter.HttpMessageNotWritableException: Could not write JSON: Document nesting depth (1001) exceeds the maximum allowed (1000, from `StreamWriteConstraints.getMaxNestingDepth()`)
2025-06-25T19:04:34.833+09:00  WARN 27584 --- [http-nio-8080-exec-4] .w.s.m.s.DefaultHandlerExceptionResolver : Resolved [org.springframework.http.converter.HttpMessageNotWritableException: Could not write JSON: Document nesting depth (1001) exceeds the maximum allowed (1000, from `StreamWriteConstraints.getMaxNestingDepth()`)]
2025-06-25T19:04:50.383+09:00 DEBUG 27584 --- [http-nio-8080-exec-1] o.h.sql.results.internal.ResultsHelper   : Collection fully initialized: [com.ols.entity.Student.enrolledCourses#1]
2025-06-25T19:04:50.386+09:00 DEBUG 27584 --- [http-nio-8080-exec-9] o.h.sql.results.internal.ResultsHelper   : Collection fully initialized: [com.ols.entity.Student.enrolledCourses#1]
2025-06-25T19:04:52.673+09:00 DEBUG 27584 --- [http-nio-8080-exec-4] o.h.sql.results.internal.ResultsHelper   : Collection fully initialized: [com.ols.entity.Student.enrolledCourses#1]
2025-06-25T19:04:52.673+09:00 DEBUG 27584 --- [http-nio-8080-exec-3] o.h.sql.results.internal.ResultsHelper   : Collection fully initialized: [com.ols.entity.Student.enrolledCourses#1]
2025-06-25T19:04:54.271+09:00 DEBUG 27584 --- [http-nio-8080-exec-8] o.h.sql.results.internal.ResultsHelper   : Collection fully initialized: [com.ols.entity.Student.enrolledCourses#1]
2025-06-25T19:04:54.271+09:00 DEBUG 27584 --- [http-nio-8080-exec-7] o.h.sql.results.internal.ResultsHelper   : Collection fully initialized: [com.ols.entity.Student.enrolledCourses#1]
2025-06-25T19:04:59.622+09:00 DEBUG 27584 --- [http-nio-8080-exec-6] o.h.sql.results.internal.ResultsHelper   : Collection fully initialized: [com.ols.entity.Course.students#5]
2025-06-25T19:04:59.630+09:00  WARN 27584 --- [http-nio-8080-exec-6] .w.s.m.s.DefaultHandlerExceptionResolver : Ignoring exception, response committed already: org.springframework.http.converter.HttpMessageNotWritableException: Could not write JSON: Document nesting depth (1001) exceeds the maximum allowed (1000, from `StreamWriteConstraints.getMaxNestingDepth()`)
2025-06-25T19:04:59.630+09:00  WARN 27584 --- [http-nio-8080-exec-6] .w.s.m.s.DefaultHandlerExceptionResolver : Resolved [org.springframework.http.converter.HttpMessageNotWritableException: Could not write JSON: Document nesting depth (1001) exceeds the maximum allowed (1000, from `StreamWriteConstraints.getMaxNestingDepth()`)]
2025-06-25T19:05:00.999+09:00 DEBUG 27584 --- [http-nio-8080-exec-2] o.h.sql.results.internal.ResultsHelper   : Collection fully initialized: [com.ols.entity.Student.enrolledCourses#1]
2025-06-25T19:05:00.999+09:00 DEBUG 27584 --- [http-nio-8080-exec-1] o.h.sql.results.internal.ResultsHelper   : Collection fully initialized: [com.ols.entity.Student.enrolledCourses#1]
2025-06-25T19:05:03.466+09:00 DEBUG 27584 --- [http-nio-8080-exec-3] o.h.sql.results.internal.ResultsHelper   : Collection fully initialized: [com.ols.entity.Student.enrolledCourses#1]
2025-06-25T19:05:03.466+09:00 DEBUG 27584 --- [http-nio-8080-exec-9] o.h.sql.results.internal.ResultsHelper   : Collection fully initialized: [com.ols.entity.Student.enrolledCourses#1]
2025-06-25T19:05:11.219+09:00 DEBUG 27584 --- [http-nio-8080-exec-4] o.h.sql.results.internal.ResultsHelper   : Collection fully initialized: [com.ols.entity.Student.enrolledCourses#1]
2025-06-25T19:07:06.162+09:00  INFO 27584 --- [SpringApplicationShutdownHook] o.s.b.w.e.tomcat.GracefulShutdown        : Commencing graceful shutdown. Waiting for active requests to complete
2025-06-25T19:07:06.169+09:00  INFO 27584 --- [tomcat-shutdown] o.s.b.w.e.tomcat.GracefulShutdown        : Graceful shutdown complete
2025-06-25T19:07:06.173+09:00  INFO 27584 --- [SpringApplicationShutdownHook] j.LocalContainerEntityManagerFactoryBean : Closing JPA EntityManagerFactory for persistence unit 'default'
2025-06-25T19:07:06.176+09:00  INFO 27584 --- [SpringApplicationShutdownHook] com.zaxxer.hikari.HikariDataSource       : HikariPool-1 - Shutdown initiated...
2025-06-25T19:07:06.178+09:00  INFO 27584 --- [SpringApplicationShutdownHook] com.zaxxer.hikari.HikariDataSource       : HikariPool-1 - Shutdown completed.
